  GameInstance.cpp
C:\Users\nahue\Desktop\CloneRepositoryGitHub\AA4_Shooter_UDP\AA4_GameServer\GameServer\Dependencies\include\SFML\System\Exception.hpp(42,1): warning C4275: non dll-interface class 'std::runtime_error' used as base for dll-interface class 'sf::Exception'
C:\Program Files\Microsoft Visual Studio\2022\Community\VC\Tools\MSVC\14.33.31629\include\stdexcept(101): message : see declaration of 'std::runtime_error'
C:\Users\nahue\Desktop\CloneRepositoryGitHub\AA4_Shooter_UDP\AA4_GameServer\GameServer\Dependencies\include\SFML\System\Exception.hpp(41): message : see declaration of 'sf::Exception'
C:\Users\nahue\Desktop\CloneRepositoryGitHub\AA4_Shooter_UDP\AA4_GameServer\GameServer\GameServer\NetworkDefs.h(162,16): warning C4834: discarding return value of function with 'nodiscard' attribute
C:\Users\nahue\Desktop\CloneRepositoryGitHub\AA4_Shooter_UDP\AA4_GameServer\GameServer\GameServer\GameInstance.cpp(125,33): warning C4305: 'argument': truncation from 'double' to 'float'
C:\Users\nahue\Desktop\CloneRepositoryGitHub\AA4_Shooter_UDP\AA4_GameServer\GameServer\GameServer\GameInstance.cpp(126,33): warning C4305: '-=': truncation from 'double' to 'float'
  GameScene.cpp
C:\Users\nahue\Desktop\CloneRepositoryGitHub\AA4_Shooter_UDP\AA4_GameServer\GameServer\Dependencies\include\SFML\System\Exception.hpp(42,1): warning C4275: non dll-interface class 'std::runtime_error' used as base for dll-interface class 'sf::Exception'
C:\Program Files\Microsoft Visual Studio\2022\Community\VC\Tools\MSVC\14.33.31629\include\stdexcept(101): message : see declaration of 'std::runtime_error'
C:\Users\nahue\Desktop\CloneRepositoryGitHub\AA4_Shooter_UDP\AA4_GameServer\GameServer\Dependencies\include\SFML\System\Exception.hpp(41): message : see declaration of 'sf::Exception'
  GameServer.cpp
C:\Users\nahue\Desktop\CloneRepositoryGitHub\AA4_Shooter_UDP\AA4_GameServer\GameServer\Dependencies\include\SFML\System\Exception.hpp(42,1): warning C4275: non dll-interface class 'std::runtime_error' used as base for dll-interface class 'sf::Exception'
C:\Program Files\Microsoft Visual Studio\2022\Community\VC\Tools\MSVC\14.33.31629\include\stdexcept(101): message : see declaration of 'std::runtime_error'
C:\Users\nahue\Desktop\CloneRepositoryGitHub\AA4_Shooter_UDP\AA4_GameServer\GameServer\Dependencies\include\SFML\System\Exception.hpp(41): message : see declaration of 'sf::Exception'
C:\Users\nahue\Desktop\CloneRepositoryGitHub\AA4_Shooter_UDP\AA4_GameServer\GameServer\GameServer\NetworkDefs.h(162,16): warning C4834: discarding return value of function with 'nodiscard' attribute
  Main.cpp
C:\Users\nahue\Desktop\CloneRepositoryGitHub\AA4_Shooter_UDP\AA4_GameServer\GameServer\Dependencies\include\SFML\System\Exception.hpp(42,1): warning C4275: non dll-interface class 'std::runtime_error' used as base for dll-interface class 'sf::Exception'
C:\Program Files\Microsoft Visual Studio\2022\Community\VC\Tools\MSVC\14.33.31629\include\stdexcept(101): message : see declaration of 'std::runtime_error'
C:\Users\nahue\Desktop\CloneRepositoryGitHub\AA4_Shooter_UDP\AA4_GameServer\GameServer\Dependencies\include\SFML\System\Exception.hpp(41): message : see declaration of 'sf::Exception'
C:\Users\nahue\Desktop\CloneRepositoryGitHub\AA4_Shooter_UDP\AA4_GameServer\GameServer\GameServer\NetworkDefs.h(162,16): warning C4834: discarding return value of function with 'nodiscard' attribute
  Generating Code...
  GameServer.vcxproj -> C:\Users\nahue\Desktop\CloneRepositoryGitHub\AA4_Shooter_UDP\AA4_GameServer\GameServer\x64\Debug\GameServer.exe
